RETIRED|00000144
STORE|0000012c|00000000
RETIRED|00000148
RETIRED|0000014c
RETIRED|00000150
RETIRED|00000154
RETIRED|00000158
RETIRED|0000015c
RETIRED|00000160
RETIRED|00000164
LOAD|00000000
RETIRED|00000168
LOAD|00000004
RETIRED|0000016c
LOAD|00000020
RETIRED|00000170
RETIRED|00000174
RETIRED|00000178
RETIRED|0000017c
RETIRED|00000180
LOAD|00000008
RETIRED|00000184
LOAD|0000000c
RETIRED|00000188
LOAD|00000024
RETIRED|0000018c
RETIRED|00000190
RETIRED|00000194
RETIRED|00000198
RETIRED|0000019c
LOAD|00000010
RETIRED|000001a0
LOAD|00000014
RETIRED|000001a4
LOAD|00000028
RETIRED|000001a8
RETIRED|000001ac
RETIRED|000001b0
RETIRED|000001b4
RETIRED|000001b8
LOAD|00000018
RETIRED|000001bc
LOAD|0000001c
RETIRED|000001c0
LOAD|0000002c
RETIRED|000001c4
RETIRED|000001c8
RETIRED|000001cc
RETIRED|000001d0
RETIRED|000001d4
STORE|00000160|fffff37c
RETIRED|000001d8
RETIRED|000001dc
RETIRED|000001e0
RETIRED|000001e4
RETIRED|000001e8
LOAD|00000000
RETIRED|00000168
LOAD|00000004
RETIRED|0000016c
LOAD|00000030
RETIRED|00000170
RETIRED|00000174
RETIRED|00000178
RETIRED|0000017c
RETIRED|00000180
LOAD|00000008
RETIRED|00000184
LOAD|0000000c
RETIRED|00000188
LOAD|00000034
RETIRED|0000018c
RETIRED|00000190
RETIRED|00000194
RETIRED|00000198
RETIRED|0000019c
LOAD|00000010
RETIRED|000001a0
LOAD|00000014
RETIRED|000001a4
LOAD|00000038
RETIRED|000001a8
RETIRED|000001ac
RETIRED|000001b0
RETIRED|000001b4
RETIRED|000001b8
LOAD|00000018
RETIRED|000001bc
LOAD|0000001c
RETIRED|000001c0
LOAD|0000003c
RETIRED|000001c4
RETIRED|000001c8
RETIRED|000001cc
RETIRED|000001d0
RETIRED|000001d4
STORE|00000164|000001e5
RETIRED|000001d8
RETIRED|000001dc
RETIRED|000001e0
RETIRED|000001e4
RETIRED|000001e8
LOAD|00000000
RETIRED|00000168
LOAD|00000004
RETIRED|0000016c
LOAD|00000040
RETIRED|00000170
RETIRED|00000174
RETIRED|00000178
RETIRED|0000017c
RETIRED|00000180
LOAD|00000008
RETIRED|00000184
LOAD|0000000c
RETIRED|00000188
LOAD|00000044
RETIRED|0000018c
RETIRED|00000190
RETIRED|00000194
RETIRED|00000198
RETIRED|0000019c
LOAD|00000010
RETIRED|000001a0
LOAD|00000014
RETIRED|000001a4
LOAD|00000048
RETIRED|000001a8
RETIRED|000001ac
RETIRED|000001b0
RETIRED|000001b4
RETIRED|000001b8
LOAD|00000018
RETIRED|000001bc
LOAD|0000001c
RETIRED|000001c0
LOAD|0000004c
RETIRED|000001c4
RETIRED|000001c8
RETIRED|000001cc
RETIRED|000001d0
RETIRED|000001d4
STORE|00000168|fffff460
RETIRED|000001d8
RETIRED|000001dc
RETIRED|000001e0
RETIRED|000001e4
RETIRED|000001e8
LOAD|00000000
RETIRED|00000168
LOAD|00000004
RETIRED|0000016c
LOAD|00000050
RETIRED|00000170
RETIRED|00000174
RETIRED|00000178
RETIRED|0000017c
RETIRED|00000180
LOAD|00000008
RETIRED|00000184
LOAD|0000000c
RETIRED|00000188
LOAD|00000054
RETIRED|0000018c
RETIRED|00000190
RETIRED|00000194
RETIRED|00000198
RETIRED|0000019c
LOAD|00000010
RETIRED|000001a0
LOAD|00000014
RETIRED|000001a4
LOAD|00000058
RETIRED|000001a8
RETIRED|000001ac
RETIRED|000001b0
RETIRED|000001b4
RETIRED|000001b8
LOAD|00000018
RETIRED|000001bc
LOAD|0000001c
RETIRED|000001c0
LOAD|0000005c
RETIRED|000001c4
RETIRED|000001c8
RETIRED|000001cc
RETIRED|000001d0
RETIRED|000001d4
STORE|0000016c|00000178
RETIRED|000001d8
RETIRED|000001dc
RETIRED|000001e0
RETIRED|000001e4
RETIRED|000001e8
WINDOW|85|244
MEASURE|cycles|160
MEASURE|retired|138
MEASURE|retired_kernel|135
MEASURE|retired_stores|5
MEASURE|retired_loads|48
MEASURE|register_writes|130
MEASURE|stall_load_use|16
MEASURE|stall_fault_hold|0
MEASURE|flush_taken_control|3
MEASURE|data_read_bytes|192
MEASURE|data_write_bytes|20
MEASURE_PASS window closed
/home/stiff/stuff/xqdot4z_claude/tests/benchmarks/tb_measure.sv:88: $finish called at 2521000 (1ps)
