RETIRED|00000414
STORE|0000015c|0000000b
RETIRED|00000418
RETIRED|0000041c
RETIRED|00000420
RETIRED|00000424
RETIRED|00000428
RETIRED|0000042c
RETIRED|00000430
RETIRED|00000434
RETIRED|00000438
RETIRED|0000043c
LOAD|00000000
RETIRED|00000440
RETIRED|00000444
RETIRED|00000448
LOAD|00000004
RETIRED|0000044c
RETIRED|00000450
RETIRED|00000454
LOAD|00000008
RETIRED|00000458
RETIRED|0000045c
RETIRED|00000460
LOAD|0000000c
RETIRED|00000464
RETIRED|00000468
RETIRED|0000046c
LOAD|00000010
RETIRED|00000470
RETIRED|00000474
RETIRED|00000478
LOAD|00000014
RETIRED|0000047c
RETIRED|00000480
RETIRED|00000484
LOAD|00000018
RETIRED|00000488
RETIRED|0000048c
RETIRED|00000490
LOAD|0000001c
RETIRED|00000494
RETIRED|00000498
RETIRED|0000049c
RETIRED|000004a0
RETIRED|000004a4
RETIRED|000004a8
LOAD|00000000
RETIRED|000004ac
LOAD|00000004
RETIRED|000004b0
LOAD|00000020
RETIRED|000004b4
RETIRED|000004b8
RETIRED|000004bc
RETIRED|000004c0
RETIRED|000004c4
LOAD|00000008
RETIRED|000004c8
LOAD|0000000c
RETIRED|000004cc
LOAD|00000024
RETIRED|000004d0
RETIRED|000004d4
RETIRED|000004d8
RETIRED|000004dc
RETIRED|000004e0
LOAD|00000010
RETIRED|000004e4
LOAD|00000014
RETIRED|000004e8
LOAD|00000028
RETIRED|000004ec
RETIRED|000004f0
RETIRED|000004f4
RETIRED|000004f8
RETIRED|000004fc
LOAD|00000018
RETIRED|00000500
LOAD|0000001c
RETIRED|00000504
LOAD|0000002c
RETIRED|00000508
RETIRED|0000050c
RETIRED|00000510
RETIRED|00000514
RETIRED|00000518
LOAD|00000120
RETIRED|0000051c
RETIRED|00000520
RETIRED|00000524
RETIRED|00000528
STORE|00000160|fffffbe8
RETIRED|0000052c
RETIRED|00000530
RETIRED|00000534
RETIRED|00000538
RETIRED|0000053c
LOAD|00000000
RETIRED|000004ac
LOAD|00000004
RETIRED|000004b0
LOAD|00000030
RETIRED|000004b4
RETIRED|000004b8
RETIRED|000004bc
RETIRED|000004c0
RETIRED|000004c4
LOAD|00000008
RETIRED|000004c8
LOAD|0000000c
RETIRED|000004cc
LOAD|00000034
RETIRED|000004d0
RETIRED|000004d4
RETIRED|000004d8
RETIRED|000004dc
RETIRED|000004e0
LOAD|00000010
RETIRED|000004e4
LOAD|00000014
RETIRED|000004e8
LOAD|00000038
RETIRED|000004ec
RETIRED|000004f0
RETIRED|000004f4
RETIRED|000004f8
RETIRED|000004fc
LOAD|00000018
RETIRED|00000500
LOAD|0000001c
RETIRED|00000504
LOAD|0000003c
RETIRED|00000508
RETIRED|0000050c
RETIRED|00000510
RETIRED|00000514
RETIRED|00000518
LOAD|00000124
RETIRED|0000051c
RETIRED|00000520
RETIRED|00000524
RETIRED|00000528
STORE|00000164|000002fd
RETIRED|0000052c
RETIRED|00000530
RETIRED|00000534
RETIRED|00000538
RETIRED|0000053c
LOAD|00000000
RETIRED|000004ac
LOAD|00000004
RETIRED|000004b0
LOAD|00000040
RETIRED|000004b4
RETIRED|000004b8
RETIRED|000004bc
RETIRED|000004c0
RETIRED|000004c4
LOAD|00000008
RETIRED|000004c8
LOAD|0000000c
RETIRED|000004cc
LOAD|00000044
RETIRED|000004d0
RETIRED|000004d4
RETIRED|000004d8
RETIRED|000004dc
RETIRED|000004e0
LOAD|00000010
RETIRED|000004e4
LOAD|00000014
RETIRED|000004e8
LOAD|00000048
RETIRED|000004ec
RETIRED|000004f0
RETIRED|000004f4
RETIRED|000004f8
RETIRED|000004fc
LOAD|00000018
RETIRED|00000500
LOAD|0000001c
RETIRED|00000504
LOAD|0000004c
RETIRED|00000508
RETIRED|0000050c
RETIRED|00000510
RETIRED|00000514
RETIRED|00000518
LOAD|00000128
RETIRED|0000051c
RETIRED|00000520
RETIRED|00000524
RETIRED|00000528
STORE|00000168|000000eb
RETIRED|0000052c
RETIRED|00000530
RETIRED|00000534
RETIRED|00000538
RETIRED|0000053c
LOAD|00000000
RETIRED|000004ac
LOAD|00000004
RETIRED|000004b0
LOAD|00000050
RETIRED|000004b4
RETIRED|000004b8
RETIRED|000004bc
RETIRED|000004c0
RETIRED|000004c4
LOAD|00000008
RETIRED|000004c8
LOAD|0000000c
RETIRED|000004cc
LOAD|00000054
RETIRED|000004d0
RETIRED|000004d4
RETIRED|000004d8
RETIRED|000004dc
RETIRED|000004e0
LOAD|00000010
RETIRED|000004e4
LOAD|00000014
RETIRED|000004e8
LOAD|00000058
RETIRED|000004ec
RETIRED|000004f0
RETIRED|000004f4
RETIRED|000004f8
RETIRED|000004fc
LOAD|00000018
RETIRED|00000500
LOAD|0000001c
RETIRED|00000504
LOAD|0000005c
RETIRED|00000508
RETIRED|0000050c
RETIRED|00000510
RETIRED|00000514
RETIRED|00000518
LOAD|0000012c
RETIRED|0000051c
RETIRED|00000520
RETIRED|00000524
RETIRED|00000528
STORE|0000016c|ffffff7b
RETIRED|0000052c
RETIRED|00000530
RETIRED|00000534
RETIRED|00000538
RETIRED|0000053c
LOAD|00000000
RETIRED|000004ac
LOAD|00000004
RETIRED|000004b0
LOAD|00000060
RETIRED|000004b4
RETIRED|000004b8
RETIRED|000004bc
RETIRED|000004c0
RETIRED|000004c4
LOAD|00000008
RETIRED|000004c8
LOAD|0000000c
RETIRED|000004cc
LOAD|00000064
RETIRED|000004d0
RETIRED|000004d4
RETIRED|000004d8
RETIRED|000004dc
RETIRED|000004e0
LOAD|00000010
RETIRED|000004e4
LOAD|00000014
RETIRED|000004e8
LOAD|00000068
RETIRED|000004ec
RETIRED|000004f0
RETIRED|000004f4
RETIRED|000004f8
RETIRED|000004fc
LOAD|00000018
RETIRED|00000500
LOAD|0000001c
RETIRED|00000504
LOAD|0000006c
RETIRED|00000508
RETIRED|0000050c
RETIRED|00000510
RETIRED|00000514
RETIRED|00000518
LOAD|00000130
RETIRED|0000051c
RETIRED|00000520
RETIRED|00000524
RETIRED|00000528
STORE|00000170|fffffe3f
RETIRED|0000052c
RETIRED|00000530
RETIRED|00000534
RETIRED|00000538
RETIRED|0000053c
LOAD|00000000
RETIRED|000004ac
LOAD|00000004
RETIRED|000004b0
LOAD|00000070
RETIRED|000004b4
RETIRED|000004b8
RETIRED|000004bc
RETIRED|000004c0
RETIRED|000004c4
LOAD|00000008
RETIRED|000004c8
LOAD|0000000c
RETIRED|000004cc
LOAD|00000074
RETIRED|000004d0
RETIRED|000004d4
RETIRED|000004d8
RETIRED|000004dc
RETIRED|000004e0
LOAD|00000010
RETIRED|000004e4
LOAD|00000014
RETIRED|000004e8
LOAD|00000078
RETIRED|000004ec
RETIRED|000004f0
RETIRED|000004f4
RETIRED|000004f8
RETIRED|000004fc
LOAD|00000018
RETIRED|00000500
LOAD|0000001c
RETIRED|00000504
LOAD|0000007c
RETIRED|00000508
RETIRED|0000050c
RETIRED|00000510
RETIRED|00000514
RETIRED|00000518
LOAD|00000134
RETIRED|0000051c
RETIRED|00000520
RETIRED|00000524
RETIRED|00000528
STORE|00000174|ffffff21
RETIRED|0000052c
RETIRED|00000530
RETIRED|00000534
RETIRED|00000538
RETIRED|0000053c
LOAD|00000000
RETIRED|000004ac
LOAD|00000004
RETIRED|000004b0
LOAD|00000080
RETIRED|000004b4
RETIRED|000004b8
RETIRED|000004bc
RETIRED|000004c0
RETIRED|000004c4
LOAD|00000008
RETIRED|000004c8
LOAD|0000000c
RETIRED|000004cc
LOAD|00000084
RETIRED|000004d0
RETIRED|000004d4
RETIRED|000004d8
RETIRED|000004dc
RETIRED|000004e0
LOAD|00000010
RETIRED|000004e4
LOAD|00000014
RETIRED|000004e8
LOAD|00000088
RETIRED|000004ec
RETIRED|000004f0
RETIRED|000004f4
RETIRED|000004f8
RETIRED|000004fc
LOAD|00000018
RETIRED|00000500
LOAD|0000001c
RETIRED|00000504
LOAD|0000008c
RETIRED|00000508
RETIRED|0000050c
RETIRED|00000510
RETIRED|00000514
RETIRED|00000518
LOAD|00000138
RETIRED|0000051c
RETIRED|00000520
RETIRED|00000524
RETIRED|00000528
STORE|00000178|fffff684
RETIRED|0000052c
RETIRED|00000530
RETIRED|00000534
RETIRED|00000538
RETIRED|0000053c
LOAD|00000000
RETIRED|000004ac
LOAD|00000004
RETIRED|000004b0
LOAD|00000090
RETIRED|000004b4
RETIRED|000004b8
RETIRED|000004bc
RETIRED|000004c0
RETIRED|000004c4
LOAD|00000008
RETIRED|000004c8
LOAD|0000000c
RETIRED|000004cc
LOAD|00000094
RETIRED|000004d0
RETIRED|000004d4
RETIRED|000004d8
RETIRED|000004dc
RETIRED|000004e0
LOAD|00000010
RETIRED|000004e4
LOAD|00000014
RETIRED|000004e8
LOAD|00000098
RETIRED|000004ec
RETIRED|000004f0
RETIRED|000004f4
RETIRED|000004f8
RETIRED|000004fc
LOAD|00000018
RETIRED|00000500
LOAD|0000001c
RETIRED|00000504
LOAD|0000009c
RETIRED|00000508
RETIRED|0000050c
RETIRED|00000510
RETIRED|00000514
RETIRED|00000518
LOAD|0000013c
RETIRED|0000051c
RETIRED|00000520
RETIRED|00000524
RETIRED|00000528
STORE|0000017c|fffffd1e
RETIRED|0000052c
RETIRED|00000530
RETIRED|00000534
RETIRED|00000538
RETIRED|0000053c
LOAD|00000000
RETIRED|000004ac
LOAD|00000004
RETIRED|000004b0
LOAD|000000a0
RETIRED|000004b4
RETIRED|000004b8
RETIRED|000004bc
RETIRED|000004c0
RETIRED|000004c4
LOAD|00000008
RETIRED|000004c8
LOAD|0000000c
RETIRED|000004cc
LOAD|000000a4
RETIRED|000004d0
RETIRED|000004d4
RETIRED|000004d8
RETIRED|000004dc
RETIRED|000004e0
LOAD|00000010
RETIRED|000004e4
LOAD|00000014
RETIRED|000004e8
LOAD|000000a8
RETIRED|000004ec
RETIRED|000004f0
RETIRED|000004f4
RETIRED|000004f8
RETIRED|000004fc
LOAD|00000018
RETIRED|00000500
LOAD|0000001c
RETIRED|00000504
LOAD|000000ac
RETIRED|00000508
RETIRED|0000050c
RETIRED|00000510
RETIRED|00000514
RETIRED|00000518
LOAD|00000140
RETIRED|0000051c
RETIRED|00000520
RETIRED|00000524
RETIRED|00000528
STORE|00000180|fffffe71
RETIRED|0000052c
RETIRED|00000530
RETIRED|00000534
RETIRED|00000538
RETIRED|0000053c
LOAD|00000000
RETIRED|000004ac
LOAD|00000004
RETIRED|000004b0
LOAD|000000b0
RETIRED|000004b4
RETIRED|000004b8
RETIRED|000004bc
RETIRED|000004c0
RETIRED|000004c4
LOAD|00000008
RETIRED|000004c8
LOAD|0000000c
RETIRED|000004cc
LOAD|000000b4
RETIRED|000004d0
RETIRED|000004d4
RETIRED|000004d8
RETIRED|000004dc
RETIRED|000004e0
LOAD|00000010
RETIRED|000004e4
LOAD|00000014
RETIRED|000004e8
LOAD|000000b8
RETIRED|000004ec
RETIRED|000004f0
RETIRED|000004f4
RETIRED|000004f8
RETIRED|000004fc
LOAD|00000018
RETIRED|00000500
LOAD|0000001c
RETIRED|00000504
LOAD|000000bc
RETIRED|00000508
RETIRED|0000050c
RETIRED|00000510
RETIRED|00000514
RETIRED|00000518
LOAD|00000144
RETIRED|0000051c
RETIRED|00000520
RETIRED|00000524
RETIRED|00000528
STORE|00000184|fffffa06
RETIRED|0000052c
RETIRED|00000530
RETIRED|00000534
RETIRED|00000538
RETIRED|0000053c
LOAD|00000000
RETIRED|000004ac
LOAD|00000004
RETIRED|000004b0
LOAD|000000c0
RETIRED|000004b4
RETIRED|000004b8
RETIRED|000004bc
RETIRED|000004c0
RETIRED|000004c4
LOAD|00000008
RETIRED|000004c8
LOAD|0000000c
RETIRED|000004cc
LOAD|000000c4
RETIRED|000004d0
RETIRED|000004d4
RETIRED|000004d8
RETIRED|000004dc
RETIRED|000004e0
LOAD|00000010
RETIRED|000004e4
LOAD|00000014
RETIRED|000004e8
LOAD|000000c8
RETIRED|000004ec
RETIRED|000004f0
RETIRED|000004f4
RETIRED|000004f8
RETIRED|000004fc
LOAD|00000018
RETIRED|00000500
LOAD|0000001c
RETIRED|00000504
LOAD|000000cc
RETIRED|00000508
RETIRED|0000050c
RETIRED|00000510
RETIRED|00000514
RETIRED|00000518
LOAD|00000148
RETIRED|0000051c
RETIRED|00000520
RETIRED|00000524
RETIRED|00000528
STORE|00000188|0000107a
RETIRED|0000052c
RETIRED|00000530
RETIRED|00000534
RETIRED|00000538
RETIRED|0000053c
LOAD|00000000
RETIRED|000004ac
LOAD|00000004
RETIRED|000004b0
LOAD|000000d0
RETIRED|000004b4
RETIRED|000004b8
RETIRED|000004bc
RETIRED|000004c0
RETIRED|000004c4
LOAD|00000008
RETIRED|000004c8
LOAD|0000000c
RETIRED|000004cc
LOAD|000000d4
RETIRED|000004d0
RETIRED|000004d4
RETIRED|000004d8
RETIRED|000004dc
RETIRED|000004e0
LOAD|00000010
RETIRED|000004e4
LOAD|00000014
RETIRED|000004e8
LOAD|000000d8
RETIRED|000004ec
RETIRED|000004f0
RETIRED|000004f4
RETIRED|000004f8
RETIRED|000004fc
LOAD|00000018
RETIRED|00000500
LOAD|0000001c
RETIRED|00000504
LOAD|000000dc
RETIRED|00000508
RETIRED|0000050c
RETIRED|00000510
RETIRED|00000514
RETIRED|00000518
LOAD|0000014c
RETIRED|0000051c
RETIRED|00000520
RETIRED|00000524
RETIRED|00000528
STORE|0000018c|ffffe81d
RETIRED|0000052c
RETIRED|00000530
RETIRED|00000534
RETIRED|00000538
RETIRED|0000053c
LOAD|00000000
RETIRED|000004ac
LOAD|00000004
RETIRED|000004b0
LOAD|000000e0
RETIRED|000004b4
RETIRED|000004b8
RETIRED|000004bc
RETIRED|000004c0
RETIRED|000004c4
LOAD|00000008
RETIRED|000004c8
LOAD|0000000c
RETIRED|000004cc
LOAD|000000e4
RETIRED|000004d0
RETIRED|000004d4
RETIRED|000004d8
RETIRED|000004dc
RETIRED|000004e0
LOAD|00000010
RETIRED|000004e4
LOAD|00000014
RETIRED|000004e8
LOAD|000000e8
RETIRED|000004ec
RETIRED|000004f0
RETIRED|000004f4
RETIRED|000004f8
RETIRED|000004fc
LOAD|00000018
RETIRED|00000500
LOAD|0000001c
RETIRED|00000504
LOAD|000000ec
RETIRED|00000508
RETIRED|0000050c
RETIRED|00000510
RETIRED|00000514
RETIRED|00000518
LOAD|00000150
RETIRED|0000051c
RETIRED|00000520
RETIRED|00000524
RETIRED|00000528
STORE|00000190|000008f1
RETIRED|0000052c
RETIRED|00000530
RETIRED|00000534
RETIRED|00000538
RETIRED|0000053c
LOAD|00000000
RETIRED|000004ac
LOAD|00000004
RETIRED|000004b0
LOAD|000000f0
RETIRED|000004b4
RETIRED|000004b8
RETIRED|000004bc
RETIRED|000004c0
RETIRED|000004c4
LOAD|00000008
RETIRED|000004c8
LOAD|0000000c
RETIRED|000004cc
LOAD|000000f4
RETIRED|000004d0
RETIRED|000004d4
RETIRED|000004d8
RETIRED|000004dc
RETIRED|000004e0
LOAD|00000010
RETIRED|000004e4
LOAD|00000014
RETIRED|000004e8
LOAD|000000f8
RETIRED|000004ec
RETIRED|000004f0
RETIRED|000004f4
RETIRED|000004f8
RETIRED|000004fc
LOAD|00000018
RETIRED|00000500
LOAD|0000001c
RETIRED|00000504
LOAD|000000fc
RETIRED|00000508
RETIRED|0000050c
RETIRED|00000510
RETIRED|00000514
RETIRED|00000518
LOAD|00000154
RETIRED|0000051c
RETIRED|00000520
RETIRED|00000524
RETIRED|00000528
STORE|00000194|00000864
RETIRED|0000052c
RETIRED|00000530
RETIRED|00000534
RETIRED|00000538
RETIRED|0000053c
LOAD|00000000
RETIRED|000004ac
LOAD|00000004
RETIRED|000004b0
LOAD|00000100
RETIRED|000004b4
RETIRED|000004b8
RETIRED|000004bc
RETIRED|000004c0
RETIRED|000004c4
LOAD|00000008
RETIRED|000004c8
LOAD|0000000c
RETIRED|000004cc
LOAD|00000104
RETIRED|000004d0
RETIRED|000004d4
RETIRED|000004d8
RETIRED|000004dc
RETIRED|000004e0
LOAD|00000010
RETIRED|000004e4
LOAD|00000014
RETIRED|000004e8
LOAD|00000108
RETIRED|000004ec
RETIRED|000004f0
RETIRED|000004f4
RETIRED|000004f8
RETIRED|000004fc
LOAD|00000018
RETIRED|00000500
LOAD|0000001c
RETIRED|00000504
LOAD|0000010c
RETIRED|00000508
RETIRED|0000050c
RETIRED|00000510
RETIRED|00000514
RETIRED|00000518
LOAD|00000158
RETIRED|0000051c
RETIRED|00000520
RETIRED|00000524
RETIRED|00000528
STORE|00000198|00000599
RETIRED|0000052c
RETIRED|00000530
RETIRED|00000534
RETIRED|00000538
RETIRED|0000053c
LOAD|00000000
RETIRED|000004ac
LOAD|00000004
RETIRED|000004b0
LOAD|00000110
RETIRED|000004b4
RETIRED|000004b8
RETIRED|000004bc
RETIRED|000004c0
RETIRED|000004c4
LOAD|00000008
RETIRED|000004c8
LOAD|0000000c
RETIRED|000004cc
LOAD|00000114
RETIRED|000004d0
RETIRED|000004d4
RETIRED|000004d8
RETIRED|000004dc
RETIRED|000004e0
LOAD|00000010
RETIRED|000004e4
LOAD|00000014
RETIRED|000004e8
LOAD|00000118
RETIRED|000004ec
RETIRED|000004f0
RETIRED|000004f4
RETIRED|000004f8
RETIRED|000004fc
LOAD|00000018
RETIRED|00000500
LOAD|0000001c
RETIRED|00000504
LOAD|0000011c
RETIRED|00000508
RETIRED|0000050c
RETIRED|00000510
RETIRED|00000514
RETIRED|00000518
LOAD|0000015c
RETIRED|0000051c
RETIRED|00000520
RETIRED|00000524
RETIRED|00000528
STORE|0000019c|fffffecf
RETIRED|0000052c
RETIRED|00000530
RETIRED|00000534
RETIRED|00000538
RETIRED|0000053c
WINDOW|265|1009
MEASURE|cycles|745
MEASURE|retired|627
MEASURE|retired_kernel|624
MEASURE|retired_stores|17
MEASURE|retired_loads|216
MEASURE|register_writes|595
MEASURE|stall_load_use|88
MEASURE|stall_fault_hold|0
MEASURE|flush_taken_control|15
MEASURE|data_read_bytes|864
MEASURE|data_write_bytes|68
MEASURE_PASS window closed
- /home/stiff/stuff/xqdot4z_claude/tests/benchmarks/tb_measure.sv:88: Verilog $finish
- S i m u l a t i o n   R e p o r t: Verilator 5.050 2026-07-01
- Verilator: $finish at 10us; walltime 0.002 s; speed 5.153 ms/s
- Verilator: cpu 0.002 s on 1 threads; allocated 8 MB
