RETIRED|00000090
STORE|00000120|00000002
RETIRED|00000094
RETIRED|00000098
RETIRED|0000009c
RETIRED|000000a0
RETIRED|000000a4
RETIRED|000000a8
RETIRED|000000ac
RETIRED|000000b0
RETIRED|000000b4
RETIRED|000000b8
LOAD|00000000
RETIRED|000000bc
RETIRED|000000c0
RETIRED|000000c4
LOAD|00000004
RETIRED|000000c8
RETIRED|000000cc
RETIRED|000000d0
LOAD|00000008
RETIRED|000000d4
RETIRED|000000d8
RETIRED|000000dc
LOAD|0000000c
RETIRED|000000e0
RETIRED|000000e4
RETIRED|000000e8
LOAD|00000010
RETIRED|000000ec
RETIRED|000000f0
RETIRED|000000f4
LOAD|00000014
RETIRED|000000f8
RETIRED|000000fc
RETIRED|00000100
LOAD|00000018
RETIRED|00000104
RETIRED|00000108
RETIRED|0000010c
LOAD|0000001c
RETIRED|00000110
RETIRED|00000114
RETIRED|00000118
RETIRED|0000011c
RETIRED|00000120
LOAD|00000000
RETIRED|00000124
LOAD|00000004
RETIRED|00000128
LOAD|00000020
RETIRED|0000012c
RETIRED|00000130
RETIRED|00000134
RETIRED|00000138
RETIRED|0000013c
LOAD|00000008
RETIRED|00000140
LOAD|0000000c
RETIRED|00000144
LOAD|00000024
RETIRED|00000148
RETIRED|0000014c
RETIRED|00000150
RETIRED|00000154
RETIRED|00000158
LOAD|00000010
RETIRED|0000015c
LOAD|00000014
RETIRED|00000160
LOAD|00000028
RETIRED|00000164
RETIRED|00000168
RETIRED|0000016c
RETIRED|00000170
RETIRED|00000174
LOAD|00000018
RETIRED|00000178
LOAD|0000001c
RETIRED|0000017c
LOAD|0000002c
RETIRED|00000180
RETIRED|00000184
RETIRED|00000188
RETIRED|0000018c
RETIRED|00000190
RETIRED|00000194
STORE|00000160|fffff76e
RETIRED|00000198
RETIRED|0000019c
RETIRED|000001a0
RETIRED|000001a4
RETIRED|000001a8
WINDOW|40|119
MEASURE|cycles|80
MEASURE|retired|68
MEASURE|retired_kernel|65
MEASURE|retired_stores|2
MEASURE|retired_loads|20
MEASURE|register_writes|66
MEASURE|stall_load_use|12
MEASURE|stall_fault_hold|0
MEASURE|flush_taken_control|0
MEASURE|data_read_bytes|80
MEASURE|data_write_bytes|8
MEASURE_PASS window closed
/home/stiff/stuff/xqdot4z_claude/tests/benchmarks/tb_measure.sv:88: $finish called at 1271000 (1ps)
