RETIRED|00000414
STORE|0000015c|00000008
RETIRED|00000418
RETIRED|0000041c
RETIRED|00000420
RETIRED|00000424
RETIRED|00000428
RETIRED|0000042c
RETIRED|00000430
RETIRED|00000434
LOAD|00000000
RETIRED|00000438
LOAD|00000004
RETIRED|0000043c
LOAD|00000020
RETIRED|00000440
RETIRED|00000444
RETIRED|00000448
RETIRED|0000044c
RETIRED|00000450
LOAD|00000008
RETIRED|00000454
LOAD|0000000c
RETIRED|00000458
LOAD|00000024
RETIRED|0000045c
RETIRED|00000460
RETIRED|00000464
RETIRED|00000468
RETIRED|0000046c
LOAD|00000010
RETIRED|00000470
LOAD|00000014
RETIRED|00000474
LOAD|00000028
RETIRED|00000478
RETIRED|0000047c
RETIRED|00000480
RETIRED|00000484
RETIRED|00000488
LOAD|00000018
RETIRED|0000048c
LOAD|0000001c
RETIRED|00000490
LOAD|0000002c
RETIRED|00000494
RETIRED|00000498
RETIRED|0000049c
RETIRED|000004a0
RETIRED|000004a4
STORE|00000160|fffff1ba
RETIRED|000004a8
RETIRED|000004ac
RETIRED|000004b0
RETIRED|000004b4
RETIRED|000004b8
LOAD|00000000
RETIRED|00000438
LOAD|00000004
RETIRED|0000043c
LOAD|00000030
RETIRED|00000440
RETIRED|00000444
RETIRED|00000448
RETIRED|0000044c
RETIRED|00000450
LOAD|00000008
RETIRED|00000454
LOAD|0000000c
RETIRED|00000458
LOAD|00000034
RETIRED|0000045c
RETIRED|00000460
RETIRED|00000464
RETIRED|00000468
RETIRED|0000046c
LOAD|00000010
RETIRED|00000470
LOAD|00000014
RETIRED|00000474
LOAD|00000038
RETIRED|00000478
RETIRED|0000047c
RETIRED|00000480
RETIRED|00000484
RETIRED|00000488
LOAD|00000018
RETIRED|0000048c
LOAD|0000001c
RETIRED|00000490
LOAD|0000003c
RETIRED|00000494
RETIRED|00000498
RETIRED|0000049c
RETIRED|000004a0
RETIRED|000004a4
STORE|00000164|ffffff40
RETIRED|000004a8
RETIRED|000004ac
RETIRED|000004b0
RETIRED|000004b4
RETIRED|000004b8
LOAD|00000000
RETIRED|00000438
LOAD|00000004
RETIRED|0000043c
LOAD|00000040
RETIRED|00000440
RETIRED|00000444
RETIRED|00000448
RETIRED|0000044c
RETIRED|00000450
LOAD|00000008
RETIRED|00000454
LOAD|0000000c
RETIRED|00000458
LOAD|00000044
RETIRED|0000045c
RETIRED|00000460
RETIRED|00000464
RETIRED|00000468
RETIRED|0000046c
LOAD|00000010
RETIRED|00000470
LOAD|00000014
RETIRED|00000474
LOAD|00000048
RETIRED|00000478
RETIRED|0000047c
RETIRED|00000480
RETIRED|00000484
RETIRED|00000488
LOAD|00000018
RETIRED|0000048c
LOAD|0000001c
RETIRED|00000490
LOAD|0000004c
RETIRED|00000494
RETIRED|00000498
RETIRED|0000049c
RETIRED|000004a0
RETIRED|000004a4
STORE|00000168|00000249
RETIRED|000004a8
RETIRED|000004ac
RETIRED|000004b0
RETIRED|000004b4
RETIRED|000004b8
LOAD|00000000
RETIRED|00000438
LOAD|00000004
RETIRED|0000043c
LOAD|00000050
RETIRED|00000440
RETIRED|00000444
RETIRED|00000448
RETIRED|0000044c
RETIRED|00000450
LOAD|00000008
RETIRED|00000454
LOAD|0000000c
RETIRED|00000458
LOAD|00000054
RETIRED|0000045c
RETIRED|00000460
RETIRED|00000464
RETIRED|00000468
RETIRED|0000046c
LOAD|00000010
RETIRED|00000470
LOAD|00000014
RETIRED|00000474
LOAD|00000058
RETIRED|00000478
RETIRED|0000047c
RETIRED|00000480
RETIRED|00000484
RETIRED|00000488
LOAD|00000018
RETIRED|0000048c
LOAD|0000001c
RETIRED|00000490
LOAD|0000005c
RETIRED|00000494
RETIRED|00000498
RETIRED|0000049c
RETIRED|000004a0
RETIRED|000004a4
STORE|0000016c|00000950
RETIRED|000004a8
RETIRED|000004ac
RETIRED|000004b0
RETIRED|000004b4
RETIRED|000004b8
LOAD|00000000
RETIRED|00000438
LOAD|00000004
RETIRED|0000043c
LOAD|00000060
RETIRED|00000440
RETIRED|00000444
RETIRED|00000448
RETIRED|0000044c
RETIRED|00000450
LOAD|00000008
RETIRED|00000454
LOAD|0000000c
RETIRED|00000458
LOAD|00000064
RETIRED|0000045c
RETIRED|00000460
RETIRED|00000464
RETIRED|00000468
RETIRED|0000046c
LOAD|00000010
RETIRED|00000470
LOAD|00000014
RETIRED|00000474
LOAD|00000068
RETIRED|00000478
RETIRED|0000047c
RETIRED|00000480
RETIRED|00000484
RETIRED|00000488
LOAD|00000018
RETIRED|0000048c
LOAD|0000001c
RETIRED|00000490
LOAD|0000006c
RETIRED|00000494
RETIRED|00000498
RETIRED|0000049c
RETIRED|000004a0
RETIRED|000004a4
STORE|00000170|fffffa02
RETIRED|000004a8
RETIRED|000004ac
RETIRED|000004b0
RETIRED|000004b4
RETIRED|000004b8
LOAD|00000000
RETIRED|00000438
LOAD|00000004
RETIRED|0000043c
LOAD|00000070
RETIRED|00000440
RETIRED|00000444
RETIRED|00000448
RETIRED|0000044c
RETIRED|00000450
LOAD|00000008
RETIRED|00000454
LOAD|0000000c
RETIRED|00000458
LOAD|00000074
RETIRED|0000045c
RETIRED|00000460
RETIRED|00000464
RETIRED|00000468
RETIRED|0000046c
LOAD|00000010
RETIRED|00000470
LOAD|00000014
RETIRED|00000474
LOAD|00000078
RETIRED|00000478
RETIRED|0000047c
RETIRED|00000480
RETIRED|00000484
RETIRED|00000488
LOAD|00000018
RETIRED|0000048c
LOAD|0000001c
RETIRED|00000490
LOAD|0000007c
RETIRED|00000494
RETIRED|00000498
RETIRED|0000049c
RETIRED|000004a0
RETIRED|000004a4
STORE|00000174|fffffdcf
RETIRED|000004a8
RETIRED|000004ac
RETIRED|000004b0
RETIRED|000004b4
RETIRED|000004b8
LOAD|00000000
RETIRED|00000438
LOAD|00000004
RETIRED|0000043c
LOAD|00000080
RETIRED|00000440
RETIRED|00000444
RETIRED|00000448
RETIRED|0000044c
RETIRED|00000450
LOAD|00000008
RETIRED|00000454
LOAD|0000000c
RETIRED|00000458
LOAD|00000084
RETIRED|0000045c
RETIRED|00000460
RETIRED|00000464
RETIRED|00000468
RETIRED|0000046c
LOAD|00000010
RETIRED|00000470
LOAD|00000014
RETIRED|00000474
LOAD|00000088
RETIRED|00000478
RETIRED|0000047c
RETIRED|00000480
RETIRED|00000484
RETIRED|00000488
LOAD|00000018
RETIRED|0000048c
LOAD|0000001c
RETIRED|00000490
LOAD|0000008c
RETIRED|00000494
RETIRED|00000498
RETIRED|0000049c
RETIRED|000004a0
RETIRED|000004a4
STORE|00000178|fffffe59
RETIRED|000004a8
RETIRED|000004ac
RETIRED|000004b0
RETIRED|000004b4
RETIRED|000004b8
LOAD|00000000
RETIRED|00000438
LOAD|00000004
RETIRED|0000043c
LOAD|00000090
RETIRED|00000440
RETIRED|00000444
RETIRED|00000448
RETIRED|0000044c
RETIRED|00000450
LOAD|00000008
RETIRED|00000454
LOAD|0000000c
RETIRED|00000458
LOAD|00000094
RETIRED|0000045c
RETIRED|00000460
RETIRED|00000464
RETIRED|00000468
RETIRED|0000046c
LOAD|00000010
RETIRED|00000470
LOAD|00000014
RETIRED|00000474
LOAD|00000098
RETIRED|00000478
RETIRED|0000047c
RETIRED|00000480
RETIRED|00000484
RETIRED|00000488
LOAD|00000018
RETIRED|0000048c
LOAD|0000001c
RETIRED|00000490
LOAD|0000009c
RETIRED|00000494
RETIRED|00000498
RETIRED|0000049c
RETIRED|000004a0
RETIRED|000004a4
STORE|0000017c|fffff6ac
RETIRED|000004a8
RETIRED|000004ac
RETIRED|000004b0
RETIRED|000004b4
RETIRED|000004b8
LOAD|00000000
RETIRED|00000438
LOAD|00000004
RETIRED|0000043c
LOAD|000000a0
RETIRED|00000440
RETIRED|00000444
RETIRED|00000448
RETIRED|0000044c
RETIRED|00000450
LOAD|00000008
RETIRED|00000454
LOAD|0000000c
RETIRED|00000458
LOAD|000000a4
RETIRED|0000045c
RETIRED|00000460
RETIRED|00000464
RETIRED|00000468
RETIRED|0000046c
LOAD|00000010
RETIRED|00000470
LOAD|00000014
RETIRED|00000474
LOAD|000000a8
RETIRED|00000478
RETIRED|0000047c
RETIRED|00000480
RETIRED|00000484
RETIRED|00000488
LOAD|00000018
RETIRED|0000048c
LOAD|0000001c
RETIRED|00000490
LOAD|000000ac
RETIRED|00000494
RETIRED|00000498
RETIRED|0000049c
RETIRED|000004a0
RETIRED|000004a4
STORE|00000180|fffffa2b
RETIRED|000004a8
RETIRED|000004ac
RETIRED|000004b0
RETIRED|000004b4
RETIRED|000004b8
LOAD|00000000
RETIRED|00000438
LOAD|00000004
RETIRED|0000043c
LOAD|000000b0
RETIRED|00000440
RETIRED|00000444
RETIRED|00000448
RETIRED|0000044c
RETIRED|00000450
LOAD|00000008
RETIRED|00000454
LOAD|0000000c
RETIRED|00000458
LOAD|000000b4
RETIRED|0000045c
RETIRED|00000460
RETIRED|00000464
RETIRED|00000468
RETIRED|0000046c
LOAD|00000010
RETIRED|00000470
LOAD|00000014
RETIRED|00000474
LOAD|000000b8
RETIRED|00000478
RETIRED|0000047c
RETIRED|00000480
RETIRED|00000484
RETIRED|00000488
LOAD|00000018
RETIRED|0000048c
LOAD|0000001c
RETIRED|00000490
LOAD|000000bc
RETIRED|00000494
RETIRED|00000498
RETIRED|0000049c
RETIRED|000004a0
RETIRED|000004a4
STORE|00000184|ffffff0d
RETIRED|000004a8
RETIRED|000004ac
RETIRED|000004b0
RETIRED|000004b4
RETIRED|000004b8
LOAD|00000000
RETIRED|00000438
LOAD|00000004
RETIRED|0000043c
LOAD|000000c0
RETIRED|00000440
RETIRED|00000444
RETIRED|00000448
RETIRED|0000044c
RETIRED|00000450
LOAD|00000008
RETIRED|00000454
LOAD|0000000c
RETIRED|00000458
LOAD|000000c4
RETIRED|0000045c
RETIRED|00000460
RETIRED|00000464
RETIRED|00000468
RETIRED|0000046c
LOAD|00000010
RETIRED|00000470
LOAD|00000014
RETIRED|00000474
LOAD|000000c8
RETIRED|00000478
RETIRED|0000047c
RETIRED|00000480
RETIRED|00000484
RETIRED|00000488
LOAD|00000018
RETIRED|0000048c
LOAD|0000001c
RETIRED|00000490
LOAD|000000cc
RETIRED|00000494
RETIRED|00000498
RETIRED|0000049c
RETIRED|000004a0
RETIRED|000004a4
STORE|00000188|fffffae2
RETIRED|000004a8
RETIRED|000004ac
RETIRED|000004b0
RETIRED|000004b4
RETIRED|000004b8
LOAD|00000000
RETIRED|00000438
LOAD|00000004
RETIRED|0000043c
LOAD|000000d0
RETIRED|00000440
RETIRED|00000444
RETIRED|00000448
RETIRED|0000044c
RETIRED|00000450
LOAD|00000008
RETIRED|00000454
LOAD|0000000c
RETIRED|00000458
LOAD|000000d4
RETIRED|0000045c
RETIRED|00000460
RETIRED|00000464
RETIRED|00000468
RETIRED|0000046c
LOAD|00000010
RETIRED|00000470
LOAD|00000014
RETIRED|00000474
LOAD|000000d8
RETIRED|00000478
RETIRED|0000047c
RETIRED|00000480
RETIRED|00000484
RETIRED|00000488
LOAD|00000018
RETIRED|0000048c
LOAD|0000001c
RETIRED|00000490
LOAD|000000dc
RETIRED|00000494
RETIRED|00000498
RETIRED|0000049c
RETIRED|000004a0
RETIRED|000004a4
STORE|0000018c|fffffd1a
RETIRED|000004a8
RETIRED|000004ac
RETIRED|000004b0
RETIRED|000004b4
RETIRED|000004b8
LOAD|00000000
RETIRED|00000438
LOAD|00000004
RETIRED|0000043c
LOAD|000000e0
RETIRED|00000440
RETIRED|00000444
RETIRED|00000448
RETIRED|0000044c
RETIRED|00000450
LOAD|00000008
RETIRED|00000454
LOAD|0000000c
RETIRED|00000458
LOAD|000000e4
RETIRED|0000045c
RETIRED|00000460
RETIRED|00000464
RETIRED|00000468
RETIRED|0000046c
LOAD|00000010
RETIRED|00000470
LOAD|00000014
RETIRED|00000474
LOAD|000000e8
RETIRED|00000478
RETIRED|0000047c
RETIRED|00000480
RETIRED|00000484
RETIRED|00000488
LOAD|00000018
RETIRED|0000048c
LOAD|0000001c
RETIRED|00000490
LOAD|000000ec
RETIRED|00000494
RETIRED|00000498
RETIRED|0000049c
RETIRED|000004a0
RETIRED|000004a4
STORE|00000190|00000160
RETIRED|000004a8
RETIRED|000004ac
RETIRED|000004b0
RETIRED|000004b4
RETIRED|000004b8
LOAD|00000000
RETIRED|00000438
LOAD|00000004
RETIRED|0000043c
LOAD|000000f0
RETIRED|00000440
RETIRED|00000444
RETIRED|00000448
RETIRED|0000044c
RETIRED|00000450
LOAD|00000008
RETIRED|00000454
LOAD|0000000c
RETIRED|00000458
LOAD|000000f4
RETIRED|0000045c
RETIRED|00000460
RETIRED|00000464
RETIRED|00000468
RETIRED|0000046c
LOAD|00000010
RETIRED|00000470
LOAD|00000014
RETIRED|00000474
LOAD|000000f8
RETIRED|00000478
RETIRED|0000047c
RETIRED|00000480
RETIRED|00000484
RETIRED|00000488
LOAD|00000018
RETIRED|0000048c
LOAD|0000001c
RETIRED|00000490
LOAD|000000fc
RETIRED|00000494
RETIRED|00000498
RETIRED|0000049c
RETIRED|000004a0
RETIRED|000004a4
STORE|00000194|fffffff7
RETIRED|000004a8
RETIRED|000004ac
RETIRED|000004b0
RETIRED|000004b4
RETIRED|000004b8
LOAD|00000000
RETIRED|00000438
LOAD|00000004
RETIRED|0000043c
LOAD|00000100
RETIRED|00000440
RETIRED|00000444
RETIRED|00000448
RETIRED|0000044c
RETIRED|00000450
LOAD|00000008
RETIRED|00000454
LOAD|0000000c
RETIRED|00000458
LOAD|00000104
RETIRED|0000045c
RETIRED|00000460
RETIRED|00000464
RETIRED|00000468
RETIRED|0000046c
LOAD|00000010
RETIRED|00000470
LOAD|00000014
RETIRED|00000474
LOAD|00000108
RETIRED|00000478
RETIRED|0000047c
RETIRED|00000480
RETIRED|00000484
RETIRED|00000488
LOAD|00000018
RETIRED|0000048c
LOAD|0000001c
RETIRED|00000490
LOAD|0000010c
RETIRED|00000494
RETIRED|00000498
RETIRED|0000049c
RETIRED|000004a0
RETIRED|000004a4
STORE|00000198|fffffa53
RETIRED|000004a8
RETIRED|000004ac
RETIRED|000004b0
RETIRED|000004b4
RETIRED|000004b8
LOAD|00000000
RETIRED|00000438
LOAD|00000004
RETIRED|0000043c
LOAD|00000110
RETIRED|00000440
RETIRED|00000444
RETIRED|00000448
RETIRED|0000044c
RETIRED|00000450
LOAD|00000008
RETIRED|00000454
LOAD|0000000c
RETIRED|00000458
LOAD|00000114
RETIRED|0000045c
RETIRED|00000460
RETIRED|00000464
RETIRED|00000468
RETIRED|0000046c
LOAD|00000010
RETIRED|00000470
LOAD|00000014
RETIRED|00000474
LOAD|00000118
RETIRED|00000478
RETIRED|0000047c
RETIRED|00000480
RETIRED|00000484
RETIRED|00000488
LOAD|00000018
RETIRED|0000048c
LOAD|0000001c
RETIRED|00000490
LOAD|0000011c
RETIRED|00000494
RETIRED|00000498
RETIRED|0000049c
RETIRED|000004a0
RETIRED|000004a4
STORE|0000019c|000000ed
RETIRED|000004a8
RETIRED|000004ac
RETIRED|000004b0
RETIRED|000004b4
RETIRED|000004b8
WINDOW|265|892
MEASURE|cycles|628
MEASURE|retired|534
MEASURE|retired_kernel|531
MEASURE|retired_stores|17
MEASURE|retired_loads|192
MEASURE|register_writes|502
MEASURE|stall_load_use|64
MEASURE|stall_fault_hold|0
MEASURE|flush_taken_control|15
MEASURE|data_read_bytes|768
MEASURE|data_write_bytes|68
MEASURE_PASS window closed
- /home/stiff/stuff/xqdot4z_claude/tests/benchmarks/tb_measure.sv:88: Verilog $finish
- S i m u l a t i o n   R e p o r t: Verilator 5.050 2026-07-01
- Verilator: $finish at 9us; walltime 0.002 s; speed 4.085 ms/s
- Verilator: cpu 0.002 s on 1 threads; allocated 8 MB
