RETIRED|00000144
STORE|0000012c|00000006
RETIRED|00000148
RETIRED|0000014c
RETIRED|00000150
RETIRED|00000154
RETIRED|00000158
RETIRED|0000015c
RETIRED|00000160
RETIRED|00000164
RETIRED|00000168
RETIRED|0000016c
LOAD|00000000
RETIRED|00000170
RETIRED|00000174
RETIRED|00000178
LOAD|00000004
RETIRED|0000017c
RETIRED|00000180
RETIRED|00000184
LOAD|00000008
RETIRED|00000188
RETIRED|0000018c
RETIRED|00000190
LOAD|0000000c
RETIRED|00000194
RETIRED|00000198
RETIRED|0000019c
LOAD|00000010
RETIRED|000001a0
RETIRED|000001a4
RETIRED|000001a8
LOAD|00000014
RETIRED|000001ac
RETIRED|000001b0
RETIRED|000001b4
LOAD|00000018
RETIRED|000001b8
RETIRED|000001bc
RETIRED|000001c0
LOAD|0000001c
RETIRED|000001c4
RETIRED|000001c8
RETIRED|000001cc
RETIRED|000001d0
RETIRED|000001d4
RETIRED|000001d8
LOAD|00000000
RETIRED|000001dc
LOAD|00000004
RETIRED|000001e0
LOAD|00000020
RETIRED|000001e4
RETIRED|000001e8
RETIRED|000001ec
RETIRED|000001f0
RETIRED|000001f4
LOAD|00000008
RETIRED|000001f8
LOAD|0000000c
RETIRED|000001fc
LOAD|00000024
RETIRED|00000200
RETIRED|00000204
RETIRED|00000208
RETIRED|0000020c
RETIRED|00000210
LOAD|00000010
RETIRED|00000214
LOAD|00000014
RETIRED|00000218
LOAD|00000028
RETIRED|0000021c
RETIRED|00000220
RETIRED|00000224
RETIRED|00000228
RETIRED|0000022c
LOAD|00000018
RETIRED|00000230
LOAD|0000001c
RETIRED|00000234
LOAD|0000002c
RETIRED|00000238
RETIRED|0000023c
RETIRED|00000240
RETIRED|00000244
RETIRED|00000248
LOAD|00000120
RETIRED|0000024c
RETIRED|00000250
RETIRED|00000254
RETIRED|00000258
STORE|00000160|fffffb97
RETIRED|0000025c
RETIRED|00000260
RETIRED|00000264
RETIRED|00000268
RETIRED|0000026c
LOAD|00000000
RETIRED|000001dc
LOAD|00000004
RETIRED|000001e0
LOAD|00000030
RETIRED|000001e4
RETIRED|000001e8
RETIRED|000001ec
RETIRED|000001f0
RETIRED|000001f4
LOAD|00000008
RETIRED|000001f8
LOAD|0000000c
RETIRED|000001fc
LOAD|00000034
RETIRED|00000200
RETIRED|00000204
RETIRED|00000208
RETIRED|0000020c
RETIRED|00000210
LOAD|00000010
RETIRED|00000214
LOAD|00000014
RETIRED|00000218
LOAD|00000038
RETIRED|0000021c
RETIRED|00000220
RETIRED|00000224
RETIRED|00000228
RETIRED|0000022c
LOAD|00000018
RETIRED|00000230
LOAD|0000001c
RETIRED|00000234
LOAD|0000003c
RETIRED|00000238
RETIRED|0000023c
RETIRED|00000240
RETIRED|00000244
RETIRED|00000248
LOAD|00000124
RETIRED|0000024c
RETIRED|00000250
RETIRED|00000254
RETIRED|00000258
STORE|00000164|00000724
RETIRED|0000025c
RETIRED|00000260
RETIRED|00000264
RETIRED|00000268
RETIRED|0000026c
LOAD|00000000
RETIRED|000001dc
LOAD|00000004
RETIRED|000001e0
LOAD|00000040
RETIRED|000001e4
RETIRED|000001e8
RETIRED|000001ec
RETIRED|000001f0
RETIRED|000001f4
LOAD|00000008
RETIRED|000001f8
LOAD|0000000c
RETIRED|000001fc
LOAD|00000044
RETIRED|00000200
RETIRED|00000204
RETIRED|00000208
RETIRED|0000020c
RETIRED|00000210
LOAD|00000010
RETIRED|00000214
LOAD|00000014
RETIRED|00000218
LOAD|00000048
RETIRED|0000021c
RETIRED|00000220
RETIRED|00000224
RETIRED|00000228
RETIRED|0000022c
LOAD|00000018
RETIRED|00000230
LOAD|0000001c
RETIRED|00000234
LOAD|0000004c
RETIRED|00000238
RETIRED|0000023c
RETIRED|00000240
RETIRED|00000244
RETIRED|00000248
LOAD|00000128
RETIRED|0000024c
RETIRED|00000250
RETIRED|00000254
RETIRED|00000258
STORE|00000168|00000834
RETIRED|0000025c
RETIRED|00000260
RETIRED|00000264
RETIRED|00000268
RETIRED|0000026c
LOAD|00000000
RETIRED|000001dc
LOAD|00000004
RETIRED|000001e0
LOAD|00000050
RETIRED|000001e4
RETIRED|000001e8
RETIRED|000001ec
RETIRED|000001f0
RETIRED|000001f4
LOAD|00000008
RETIRED|000001f8
LOAD|0000000c
RETIRED|000001fc
LOAD|00000054
RETIRED|00000200
RETIRED|00000204
RETIRED|00000208
RETIRED|0000020c
RETIRED|00000210
LOAD|00000010
RETIRED|00000214
LOAD|00000014
RETIRED|00000218
LOAD|00000058
RETIRED|0000021c
RETIRED|00000220
RETIRED|00000224
RETIRED|00000228
RETIRED|0000022c
LOAD|00000018
RETIRED|00000230
LOAD|0000001c
RETIRED|00000234
LOAD|0000005c
RETIRED|00000238
RETIRED|0000023c
RETIRED|00000240
RETIRED|00000244
RETIRED|00000248
LOAD|0000012c
RETIRED|0000024c
RETIRED|00000250
RETIRED|00000254
RETIRED|00000258
STORE|0000016c|00000d42
RETIRED|0000025c
RETIRED|00000260
RETIRED|00000264
RETIRED|00000268
RETIRED|0000026c
WINDOW|85|301
MEASURE|cycles|217
MEASURE|retired|183
MEASURE|retired_kernel|180
MEASURE|retired_stores|5
MEASURE|retired_loads|60
MEASURE|register_writes|175
MEASURE|stall_load_use|28
MEASURE|stall_fault_hold|0
MEASURE|flush_taken_control|3
MEASURE|data_read_bytes|240
MEASURE|data_write_bytes|20
MEASURE_PASS window closed
- /home/stiff/stuff/xqdot4z_claude/tests/benchmarks/tb_measure.sv:88: Verilog $finish
- S i m u l a t i o n   R e p o r t: Verilator 5.050 2026-07-01
- Verilator: $finish at 3us; walltime 0.001 s; speed 4.405 ms/s
- Verilator: cpu 0.001 s on 1 threads; allocated 8 MB
