RETIRED|00000414
STORE|0000015c|0000000e
RETIRED|00000418
RETIRED|0000041c
RETIRED|00000420
RETIRED|00000424
RETIRED|00000428
RETIRED|0000042c
LOAD|00000000
RETIRED|00000430
LOAD|00000004
RETIRED|00000434
LOAD|00000020
RETIRED|00000438
RETIRED|0000043c
RETIRED|00000440
RETIRED|00000444
RETIRED|00000448
LOAD|00000008
RETIRED|0000044c
LOAD|0000000c
RETIRED|00000450
LOAD|00000024
RETIRED|00000454
RETIRED|00000458
RETIRED|0000045c
RETIRED|00000460
RETIRED|00000464
LOAD|00000010
RETIRED|00000468
LOAD|00000014
RETIRED|0000046c
LOAD|00000028
RETIRED|00000470
RETIRED|00000474
RETIRED|00000478
RETIRED|0000047c
RETIRED|00000480
LOAD|00000018
RETIRED|00000484
LOAD|0000001c
RETIRED|00000488
LOAD|0000002c
RETIRED|0000048c
RETIRED|00000490
RETIRED|00000494
RETIRED|00000498
RETIRED|0000049c
STORE|00000160|fffffd4d
RETIRED|000004a0
RETIRED|000004a4
RETIRED|000004a8
RETIRED|000004ac
LOAD|00000000
RETIRED|000004b0
LOAD|00000004
RETIRED|000004b4
LOAD|00000030
RETIRED|000004b8
RETIRED|000004bc
RETIRED|000004c0
RETIRED|000004c4
RETIRED|000004c8
LOAD|00000008
RETIRED|000004cc
LOAD|0000000c
RETIRED|000004d0
LOAD|00000034
RETIRED|000004d4
RETIRED|000004d8
RETIRED|000004dc
RETIRED|000004e0
RETIRED|000004e4
LOAD|00000010
RETIRED|000004e8
LOAD|00000014
RETIRED|000004ec
LOAD|00000038
RETIRED|000004f0
RETIRED|000004f4
RETIRED|000004f8
RETIRED|000004fc
RETIRED|00000500
LOAD|00000018
RETIRED|00000504
LOAD|0000001c
RETIRED|00000508
LOAD|0000003c
RETIRED|0000050c
RETIRED|00000510
RETIRED|00000514
RETIRED|00000518
RETIRED|0000051c
STORE|00000164|fffffcf2
RETIRED|00000520
RETIRED|00000524
RETIRED|00000528
RETIRED|0000052c
LOAD|00000000
RETIRED|00000530
LOAD|00000004
RETIRED|00000534
LOAD|00000040
RETIRED|00000538
RETIRED|0000053c
RETIRED|00000540
RETIRED|00000544
RETIRED|00000548
LOAD|00000008
RETIRED|0000054c
LOAD|0000000c
RETIRED|00000550
LOAD|00000044
RETIRED|00000554
RETIRED|00000558
RETIRED|0000055c
RETIRED|00000560
RETIRED|00000564
LOAD|00000010
RETIRED|00000568
LOAD|00000014
RETIRED|0000056c
LOAD|00000048
RETIRED|00000570
RETIRED|00000574
RETIRED|00000578
RETIRED|0000057c
RETIRED|00000580
LOAD|00000018
RETIRED|00000584
LOAD|0000001c
RETIRED|00000588
LOAD|0000004c
RETIRED|0000058c
RETIRED|00000590
RETIRED|00000594
RETIRED|00000598
RETIRED|0000059c
STORE|00000168|fffffae0
RETIRED|000005a0
RETIRED|000005a4
RETIRED|000005a8
RETIRED|000005ac
LOAD|00000000
RETIRED|000005b0
LOAD|00000004
RETIRED|000005b4
LOAD|00000050
RETIRED|000005b8
RETIRED|000005bc
RETIRED|000005c0
RETIRED|000005c4
RETIRED|000005c8
LOAD|00000008
RETIRED|000005cc
LOAD|0000000c
RETIRED|000005d0
LOAD|00000054
RETIRED|000005d4
RETIRED|000005d8
RETIRED|000005dc
RETIRED|000005e0
RETIRED|000005e4
LOAD|00000010
RETIRED|000005e8
LOAD|00000014
RETIRED|000005ec
LOAD|00000058
RETIRED|000005f0
RETIRED|000005f4
RETIRED|000005f8
RETIRED|000005fc
RETIRED|00000600
LOAD|00000018
RETIRED|00000604
LOAD|0000001c
RETIRED|00000608
LOAD|0000005c
RETIRED|0000060c
RETIRED|00000610
RETIRED|00000614
RETIRED|00000618
RETIRED|0000061c
STORE|0000016c|fffff970
RETIRED|00000620
RETIRED|00000624
RETIRED|00000628
RETIRED|0000062c
LOAD|00000000
RETIRED|00000630
LOAD|00000004
RETIRED|00000634
LOAD|00000060
RETIRED|00000638
RETIRED|0000063c
RETIRED|00000640
RETIRED|00000644
RETIRED|00000648
LOAD|00000008
RETIRED|0000064c
LOAD|0000000c
RETIRED|00000650
LOAD|00000064
RETIRED|00000654
RETIRED|00000658
RETIRED|0000065c
RETIRED|00000660
RETIRED|00000664
LOAD|00000010
RETIRED|00000668
LOAD|00000014
RETIRED|0000066c
LOAD|00000068
RETIRED|00000670
RETIRED|00000674
RETIRED|00000678
RETIRED|0000067c
RETIRED|00000680
LOAD|00000018
RETIRED|00000684
LOAD|0000001c
RETIRED|00000688
LOAD|0000006c
RETIRED|0000068c
RETIRED|00000690
RETIRED|00000694
RETIRED|00000698
RETIRED|0000069c
STORE|00000170|ffffffa4
RETIRED|000006a0
RETIRED|000006a4
RETIRED|000006a8
RETIRED|000006ac
LOAD|00000000
RETIRED|000006b0
LOAD|00000004
RETIRED|000006b4
LOAD|00000070
RETIRED|000006b8
RETIRED|000006bc
RETIRED|000006c0
RETIRED|000006c4
RETIRED|000006c8
LOAD|00000008
RETIRED|000006cc
LOAD|0000000c
RETIRED|000006d0
LOAD|00000074
RETIRED|000006d4
RETIRED|000006d8
RETIRED|000006dc
RETIRED|000006e0
RETIRED|000006e4
LOAD|00000010
RETIRED|000006e8
LOAD|00000014
RETIRED|000006ec
LOAD|00000078
RETIRED|000006f0
RETIRED|000006f4
RETIRED|000006f8
RETIRED|000006fc
RETIRED|00000700
LOAD|00000018
RETIRED|00000704
LOAD|0000001c
RETIRED|00000708
LOAD|0000007c
RETIRED|0000070c
RETIRED|00000710
RETIRED|00000714
RETIRED|00000718
RETIRED|0000071c
STORE|00000174|00000086
RETIRED|00000720
RETIRED|00000724
RETIRED|00000728
RETIRED|0000072c
LOAD|00000000
RETIRED|00000730
LOAD|00000004
RETIRED|00000734
LOAD|00000080
RETIRED|00000738
RETIRED|0000073c
RETIRED|00000740
RETIRED|00000744
RETIRED|00000748
LOAD|00000008
RETIRED|0000074c
LOAD|0000000c
RETIRED|00000750
LOAD|00000084
RETIRED|00000754
RETIRED|00000758
RETIRED|0000075c
RETIRED|00000760
RETIRED|00000764
LOAD|00000010
RETIRED|00000768
LOAD|00000014
RETIRED|0000076c
LOAD|00000088
RETIRED|00000770
RETIRED|00000774
RETIRED|00000778
RETIRED|0000077c
RETIRED|00000780
LOAD|00000018
RETIRED|00000784
LOAD|0000001c
RETIRED|00000788
LOAD|0000008c
RETIRED|0000078c
RETIRED|00000790
RETIRED|00000794
RETIRED|00000798
RETIRED|0000079c
STORE|00000178|fffff7e9
RETIRED|000007a0
RETIRED|000007a4
RETIRED|000007a8
RETIRED|000007ac
LOAD|00000000
RETIRED|000007b0
LOAD|00000004
RETIRED|000007b4
LOAD|00000090
RETIRED|000007b8
RETIRED|000007bc
RETIRED|000007c0
RETIRED|000007c4
RETIRED|000007c8
LOAD|00000008
RETIRED|000007cc
LOAD|0000000c
RETIRED|000007d0
LOAD|00000094
RETIRED|000007d4
RETIRED|000007d8
RETIRED|000007dc
RETIRED|000007e0
RETIRED|000007e4
LOAD|00000010
RETIRED|000007e8
LOAD|00000014
RETIRED|000007ec
LOAD|00000098
RETIRED|000007f0
RETIRED|000007f4
RETIRED|000007f8
RETIRED|000007fc
RETIRED|00000800
LOAD|00000018
RETIRED|00000804
LOAD|0000001c
RETIRED|00000808
LOAD|0000009c
RETIRED|0000080c
RETIRED|00000810
RETIRED|00000814
RETIRED|00000818
RETIRED|0000081c
STORE|0000017c|fffffe83
RETIRED|00000820
RETIRED|00000824
RETIRED|00000828
RETIRED|0000082c
LOAD|00000000
RETIRED|00000830
LOAD|00000004
RETIRED|00000834
LOAD|000000a0
RETIRED|00000838
RETIRED|0000083c
RETIRED|00000840
RETIRED|00000844
RETIRED|00000848
LOAD|00000008
RETIRED|0000084c
LOAD|0000000c
RETIRED|00000850
LOAD|000000a4
RETIRED|00000854
RETIRED|00000858
RETIRED|0000085c
RETIRED|00000860
RETIRED|00000864
LOAD|00000010
RETIRED|00000868
LOAD|00000014
RETIRED|0000086c
LOAD|000000a8
RETIRED|00000870
RETIRED|00000874
RETIRED|00000878
RETIRED|0000087c
RETIRED|00000880
LOAD|00000018
RETIRED|00000884
LOAD|0000001c
RETIRED|00000888
LOAD|000000ac
RETIRED|0000088c
RETIRED|00000890
RETIRED|00000894
RETIRED|00000898
RETIRED|0000089c
STORE|00000180|ffffffd6
RETIRED|000008a0
RETIRED|000008a4
RETIRED|000008a8
RETIRED|000008ac
LOAD|00000000
RETIRED|000008b0
LOAD|00000004
RETIRED|000008b4
LOAD|000000b0
RETIRED|000008b8
RETIRED|000008bc
RETIRED|000008c0
RETIRED|000008c4
RETIRED|000008c8
LOAD|00000008
RETIRED|000008cc
LOAD|0000000c
RETIRED|000008d0
LOAD|000000b4
RETIRED|000008d4
RETIRED|000008d8
RETIRED|000008dc
RETIRED|000008e0
RETIRED|000008e4
LOAD|00000010
RETIRED|000008e8
LOAD|00000014
RETIRED|000008ec
LOAD|000000b8
RETIRED|000008f0
RETIRED|000008f4
RETIRED|000008f8
RETIRED|000008fc
RETIRED|00000900
LOAD|00000018
RETIRED|00000904
LOAD|0000001c
RETIRED|00000908
LOAD|000000bc
RETIRED|0000090c
RETIRED|00000910
RETIRED|00000914
RETIRED|00000918
RETIRED|0000091c
STORE|00000184|fffffb6b
RETIRED|00000920
RETIRED|00000924
RETIRED|00000928
RETIRED|0000092c
LOAD|00000000
RETIRED|00000930
LOAD|00000004
RETIRED|00000934
LOAD|000000c0
RETIRED|00000938
RETIRED|0000093c
RETIRED|00000940
RETIRED|00000944
RETIRED|00000948
LOAD|00000008
RETIRED|0000094c
LOAD|0000000c
RETIRED|00000950
LOAD|000000c4
RETIRED|00000954
RETIRED|00000958
RETIRED|0000095c
RETIRED|00000960
RETIRED|00000964
LOAD|00000010
RETIRED|00000968
LOAD|00000014
RETIRED|0000096c
LOAD|000000c8
RETIRED|00000970
RETIRED|00000974
RETIRED|00000978
RETIRED|0000097c
RETIRED|00000980
LOAD|00000018
RETIRED|00000984
LOAD|0000001c
RETIRED|00000988
LOAD|000000cc
RETIRED|0000098c
RETIRED|00000990
RETIRED|00000994
RETIRED|00000998
RETIRED|0000099c
STORE|00000188|000011df
RETIRED|000009a0
RETIRED|000009a4
RETIRED|000009a8
RETIRED|000009ac
LOAD|00000000
RETIRED|000009b0
LOAD|00000004
RETIRED|000009b4
LOAD|000000d0
RETIRED|000009b8
RETIRED|000009bc
RETIRED|000009c0
RETIRED|000009c4
RETIRED|000009c8
LOAD|00000008
RETIRED|000009cc
LOAD|0000000c
RETIRED|000009d0
LOAD|000000d4
RETIRED|000009d4
RETIRED|000009d8
RETIRED|000009dc
RETIRED|000009e0
RETIRED|000009e4
LOAD|00000010
RETIRED|000009e8
LOAD|00000014
RETIRED|000009ec
LOAD|000000d8
RETIRED|000009f0
RETIRED|000009f4
RETIRED|000009f8
RETIRED|000009fc
RETIRED|00000a00
LOAD|00000018
RETIRED|00000a04
LOAD|0000001c
RETIRED|00000a08
LOAD|000000dc
RETIRED|00000a0c
RETIRED|00000a10
RETIRED|00000a14
RETIRED|00000a18
RETIRED|00000a1c
STORE|0000018c|ffffe982
RETIRED|00000a20
RETIRED|00000a24
RETIRED|00000a28
RETIRED|00000a2c
LOAD|00000000
RETIRED|00000a30
LOAD|00000004
RETIRED|00000a34
LOAD|000000e0
RETIRED|00000a38
RETIRED|00000a3c
RETIRED|00000a40
RETIRED|00000a44
RETIRED|00000a48
LOAD|00000008
RETIRED|00000a4c
LOAD|0000000c
RETIRED|00000a50
LOAD|000000e4
RETIRED|00000a54
RETIRED|00000a58
RETIRED|00000a5c
RETIRED|00000a60
RETIRED|00000a64
LOAD|00000010
RETIRED|00000a68
LOAD|00000014
RETIRED|00000a6c
LOAD|000000e8
RETIRED|00000a70
RETIRED|00000a74
RETIRED|00000a78
RETIRED|00000a7c
RETIRED|00000a80
LOAD|00000018
RETIRED|00000a84
LOAD|0000001c
RETIRED|00000a88
LOAD|000000ec
RETIRED|00000a8c
RETIRED|00000a90
RETIRED|00000a94
RETIRED|00000a98
RETIRED|00000a9c
STORE|00000190|00000a56
RETIRED|00000aa0
RETIRED|00000aa4
RETIRED|00000aa8
RETIRED|00000aac
LOAD|00000000
RETIRED|00000ab0
LOAD|00000004
RETIRED|00000ab4
LOAD|000000f0
RETIRED|00000ab8
RETIRED|00000abc
RETIRED|00000ac0
RETIRED|00000ac4
RETIRED|00000ac8
LOAD|00000008
RETIRED|00000acc
LOAD|0000000c
RETIRED|00000ad0
LOAD|000000f4
RETIRED|00000ad4
RETIRED|00000ad8
RETIRED|00000adc
RETIRED|00000ae0
RETIRED|00000ae4
LOAD|00000010
RETIRED|00000ae8
LOAD|00000014
RETIRED|00000aec
LOAD|000000f8
RETIRED|00000af0
RETIRED|00000af4
RETIRED|00000af8
RETIRED|00000afc
RETIRED|00000b00
LOAD|00000018
RETIRED|00000b04
LOAD|0000001c
RETIRED|00000b08
LOAD|000000fc
RETIRED|00000b0c
RETIRED|00000b10
RETIRED|00000b14
RETIRED|00000b18
RETIRED|00000b1c
STORE|00000194|000009c9
RETIRED|00000b20
RETIRED|00000b24
RETIRED|00000b28
RETIRED|00000b2c
LOAD|00000000
RETIRED|00000b30
LOAD|00000004
RETIRED|00000b34
LOAD|00000100
RETIRED|00000b38
RETIRED|00000b3c
RETIRED|00000b40
RETIRED|00000b44
RETIRED|00000b48
LOAD|00000008
RETIRED|00000b4c
LOAD|0000000c
RETIRED|00000b50
LOAD|00000104
RETIRED|00000b54
RETIRED|00000b58
RETIRED|00000b5c
RETIRED|00000b60
RETIRED|00000b64
LOAD|00000010
RETIRED|00000b68
LOAD|00000014
RETIRED|00000b6c
LOAD|00000108
RETIRED|00000b70
RETIRED|00000b74
RETIRED|00000b78
RETIRED|00000b7c
RETIRED|00000b80
LOAD|00000018
RETIRED|00000b84
LOAD|0000001c
RETIRED|00000b88
LOAD|0000010c
RETIRED|00000b8c
RETIRED|00000b90
RETIRED|00000b94
RETIRED|00000b98
RETIRED|00000b9c
STORE|00000198|000006fe
RETIRED|00000ba0
RETIRED|00000ba4
RETIRED|00000ba8
RETIRED|00000bac
LOAD|00000000
RETIRED|00000bb0
LOAD|00000004
RETIRED|00000bb4
LOAD|00000110
RETIRED|00000bb8
RETIRED|00000bbc
RETIRED|00000bc0
RETIRED|00000bc4
RETIRED|00000bc8
LOAD|00000008
RETIRED|00000bcc
LOAD|0000000c
RETIRED|00000bd0
LOAD|00000114
RETIRED|00000bd4
RETIRED|00000bd8
RETIRED|00000bdc
RETIRED|00000be0
RETIRED|00000be4
LOAD|00000010
RETIRED|00000be8
LOAD|00000014
RETIRED|00000bec
LOAD|00000118
RETIRED|00000bf0
RETIRED|00000bf4
RETIRED|00000bf8
RETIRED|00000bfc
RETIRED|00000c00
LOAD|00000018
RETIRED|00000c04
LOAD|0000001c
RETIRED|00000c08
LOAD|0000011c
RETIRED|00000c0c
RETIRED|00000c10
RETIRED|00000c14
RETIRED|00000c18
RETIRED|00000c1c
STORE|0000019c|00000034
RETIRED|00000c20
RETIRED|00000c24
RETIRED|00000c28
RETIRED|00000c2c
WINDOW|265|845
MEASURE|cycles|581
MEASURE|retired|517
MEASURE|retired_kernel|514
MEASURE|retired_stores|17
MEASURE|retired_loads|192
MEASURE|register_writes|500
MEASURE|stall_load_use|64
MEASURE|stall_fault_hold|0
MEASURE|flush_taken_control|0
MEASURE|data_read_bytes|768
MEASURE|data_write_bytes|68
MEASURE_PASS window closed
- /home/stiff/stuff/xqdot4z_claude/tests/benchmarks/tb_measure.sv:88: Verilog $finish
- S i m u l a t i o n   R e p o r t: Verilator 5.050 2026-07-01
- Verilator: $finish at 9us; walltime 0.002 s; speed 4.831 ms/s
- Verilator: cpu 0.002 s on 1 threads; allocated 8 MB
