RETIRED|00000144
STORE|0000012c|00000000
RETIRED|00000148
RETIRED|0000014c
RETIRED|00000150
RETIRED|00000154
RETIRED|00000158
RETIRED|0000015c
LOAD|00000000
RETIRED|00000160
LOAD|00000004
RETIRED|00000164
LOAD|00000020
RETIRED|00000168
RETIRED|0000016c
RETIRED|00000170
RETIRED|00000174
RETIRED|00000178
LOAD|00000008
RETIRED|0000017c
LOAD|0000000c
RETIRED|00000180
LOAD|00000024
RETIRED|00000184
RETIRED|00000188
RETIRED|0000018c
RETIRED|00000190
RETIRED|00000194
LOAD|00000010
RETIRED|00000198
LOAD|00000014
RETIRED|0000019c
LOAD|00000028
RETIRED|000001a0
RETIRED|000001a4
RETIRED|000001a8
RETIRED|000001ac
RETIRED|000001b0
LOAD|00000018
RETIRED|000001b4
LOAD|0000001c
RETIRED|000001b8
LOAD|0000002c
RETIRED|000001bc
RETIRED|000001c0
RETIRED|000001c4
RETIRED|000001c8
RETIRED|000001cc
STORE|00000160|000011a6
RETIRED|000001d0
RETIRED|000001d4
RETIRED|000001d8
RETIRED|000001dc
LOAD|00000000
RETIRED|000001e0
LOAD|00000004
RETIRED|000001e4
LOAD|00000030
RETIRED|000001e8
RETIRED|000001ec
RETIRED|000001f0
RETIRED|000001f4
RETIRED|000001f8
LOAD|00000008
RETIRED|000001fc
LOAD|0000000c
RETIRED|00000200
LOAD|00000034
RETIRED|00000204
RETIRED|00000208
RETIRED|0000020c
RETIRED|00000210
RETIRED|00000214
LOAD|00000010
RETIRED|00000218
LOAD|00000014
RETIRED|0000021c
LOAD|00000038
RETIRED|00000220
RETIRED|00000224
RETIRED|00000228
RETIRED|0000022c
RETIRED|00000230
LOAD|00000018
RETIRED|00000234
LOAD|0000001c
RETIRED|00000238
LOAD|0000003c
RETIRED|0000023c
RETIRED|00000240
RETIRED|00000244
RETIRED|00000248
RETIRED|0000024c
STORE|00000164|fffff560
RETIRED|00000250
RETIRED|00000254
RETIRED|00000258
RETIRED|0000025c
LOAD|00000000
RETIRED|00000260
LOAD|00000004
RETIRED|00000264
LOAD|00000040
RETIRED|00000268
RETIRED|0000026c
RETIRED|00000270
RETIRED|00000274
RETIRED|00000278
LOAD|00000008
RETIRED|0000027c
LOAD|0000000c
RETIRED|00000280
LOAD|00000044
RETIRED|00000284
RETIRED|00000288
RETIRED|0000028c
RETIRED|00000290
RETIRED|00000294
LOAD|00000010
RETIRED|00000298
LOAD|00000014
RETIRED|0000029c
LOAD|00000048
RETIRED|000002a0
RETIRED|000002a4
RETIRED|000002a8
RETIRED|000002ac
RETIRED|000002b0
LOAD|00000018
RETIRED|000002b4
LOAD|0000001c
RETIRED|000002b8
LOAD|0000004c
RETIRED|000002bc
RETIRED|000002c0
RETIRED|000002c4
RETIRED|000002c8
RETIRED|000002cc
STORE|00000168|000004fc
RETIRED|000002d0
RETIRED|000002d4
RETIRED|000002d8
RETIRED|000002dc
LOAD|00000000
RETIRED|000002e0
LOAD|00000004
RETIRED|000002e4
LOAD|00000050
RETIRED|000002e8
RETIRED|000002ec
RETIRED|000002f0
RETIRED|000002f4
RETIRED|000002f8
LOAD|00000008
RETIRED|000002fc
LOAD|0000000c
RETIRED|00000300
LOAD|00000054
RETIRED|00000304
RETIRED|00000308
RETIRED|0000030c
RETIRED|00000310
RETIRED|00000314
LOAD|00000010
RETIRED|00000318
LOAD|00000014
RETIRED|0000031c
LOAD|00000058
RETIRED|00000320
RETIRED|00000324
RETIRED|00000328
RETIRED|0000032c
RETIRED|00000330
LOAD|00000018
RETIRED|00000334
LOAD|0000001c
RETIRED|00000338
LOAD|0000005c
RETIRED|0000033c
RETIRED|00000340
RETIRED|00000344
RETIRED|00000348
RETIRED|0000034c
STORE|0000016c|fffffe8e
RETIRED|00000350
RETIRED|00000354
RETIRED|00000358
RETIRED|0000035c
WINDOW|85|233
MEASURE|cycles|149
MEASURE|retired|133
MEASURE|retired_kernel|130
MEASURE|retired_stores|5
MEASURE|retired_loads|48
MEASURE|register_writes|128
MEASURE|stall_load_use|16
MEASURE|stall_fault_hold|0
MEASURE|flush_taken_control|0
MEASURE|data_read_bytes|192
MEASURE|data_write_bytes|20
MEASURE_PASS window closed
/home/stiff/stuff/xqdot4z_claude/tests/benchmarks/tb_measure.sv:88: $finish called at 2401000 (1ps)
