00000000 T _start
00000000 t s0
00000004 t s1
00000006 t s2
00000008 t s3
0000000a t s4
0000000e t s5
00000010 t s6
00000014 t s7
00000018 t s8
0000001c t s9
00000020 t s10
00000024 t s11
00000028 t s12
0000002c t s13
00000030 t s14
00000034 t s15
00000038 t s16
0000003c t s17
00000040 t s18
00000044 t s19
00000048 t s20
0000004c t s21
0000004e t s22
00000052 t s23
00001054 T __BSS_END__
00001054 T __DATA_BEGIN__
00001054 T __SDATA_BEGIN__
00001054 T __bss_start
00001054 T _edata
00001054 T _end
00001854 A __global_pointer$
