WARNING: /home/stiff/stuff/xqdot4z/kirky-arqui/rtl/imem.v:8: $readmemh(riscvtest.mem): Not enough words in the file for the requested range [0:63].
RETIRE|00000000
RETIRE|00000004
RETIRE|00000006
RETIRE|00000008
STORE|0000005c|fffffff9
RETIRE|0000000a
RETIRE|0000000e
RETIRE|00000010
STORE|00000040|00000007
RETIRE|00000014
RETIRE|00000018
RETIRE|0000001c
STORE|00000044|00000007
STALL
RETIRE|00000020
RETIRE|00000024
RETIRE|00000028
STORE|00000048|0000000e
RETIRE|0000002c
RETIRE|00000030
RETIRE|00000034
RETIRE|00000038
STORE|0000004c|00000001
RETIRE|0000003c
RETIRE|00000040
RETIRE|00000048
STORE|00000050|00000005
RETIRE|0000004e
FAULT|3|00000052
REG3|xxxxxxxx
PASS pipeline completed diagnostic stop
/home/stiff/stuff/xqdot4z/kirky-arqui/verification/tb_pipeline.sv:22: $finish called at 341000 (1ps)
